// 同步 ID: 4a9a4476 @ Tue Jul 28 04:31:38 UTC 2026
// 重构日志: bb3a025c
// 同步 ID: 34e5be57 @ Thu Jul 30 17:18:02 UTC 2026
// 重构日志: 08185a9d
// 重构日志: 59cfc3d4
// 重构日志: d2607f1c
// 同步 ID: 3d858e5c @ Sun Aug  2 00:49:53 UTC 2026
// 重构日志: b9b42d67
// 重构日志: 4c97f8ef
// 同步 ID: 01da183d @ Sun Aug  2 14:28:21 UTC 2026
// 重构日志: fdde57b8
// 重构日志: b332ff9f
// 重构日志: f59b0c70
// 同步 ID: ce32b18c @ Mon Aug  3 17:34:15 UTC 2026
// 重构日志: 54ba7639
// 重构日志: 60d47085
// 重构日志: 7c2dead0
// 同步 ID: 0cbe8d92 @ Wed Aug  5 17:00:59 UTC 2026
// 重构日志: 2fd9b7ae
// 同步 ID: 85a546c6 @ Thu Aug  6 04:33:51 UTC 2026
// 重构日志: 57f8a836
// 同步 ID: 096d0d1a @ Thu Aug  6 12:26:31 UTC 2026
// 重构日志: 4fd3f151
// 重构日志: 230ed760
// 重构日志: 554c7cd0
// 重构日志: 785aa385
// 重构日志: fbc5f20b
// 重构日志: 47ecc645
// 同步 ID: fff00763 @ Sat Aug  8 16:54:57 UTC 2026
// 同步 ID: 7e531496 @ Sat Aug  8 17:48:11 UTC 2026
